src/App.tsx(1,1): error TS6133: 'React' is declared but its value is never read.
src/pages/SubjectInsights.tsx(340,17): error TS2322: Type '{ isOpen: boolean; onClose: () => void; subjectId: string; isBootstrapping: boolean; }' is not assignable to type 'IntrinsicAttributes & UploadModalProps'.
  Property 'subjectId' does not exist on type 'IntrinsicAttributes & UploadModalProps'.
